app/admin/page.tsx(46,43): error TS2322: Type '(formData: FormData) => Promise<{ message: string; }>' is not assignable to type 'string | ((formData: FormData) => void | Promise<void>) | undefined'.
  Type '(formData: FormData) => Promise<{ message: string; }>' is not assignable to type '(formData: FormData) => void | Promise<void>'.
    Type 'Promise<{ message: string; }>' is not assignable to type 'void | Promise<void>'.
      Type 'Promise<{ message: string; }>' is not assignable to type 'Promise<void>'.
        Type '{ message: string; }' is not assignable to type 'void'.
